---
source: hydroflow_datalog_core/src/lib.rs
expression: flat_graph_ref.surface_syntax_string()
---
2v1 = unique :: < 'tick > ();
3v1 = difference :: < 'tick , 'static > ();
4v1 = tee ();
5v1 = next_tick ();
7v1 = unique :: < 'tick > ();
8v1 = difference :: < 'tick , 'static > ();
9v1 = tee ();
10v1 = next_tick ();
12v1 = unique :: < 'tick > ();
15v1 = unique :: < 'tick > ();
18v1 = unique :: < 'tick > ();
21v1 = unique :: < 'tick > ();
24v1 = unique :: < 'tick > ();
26v1 = source_stream (ints1);
27v1 = source_stream (ints2);
28v1 = source_stream (ints3);
29v1 = for_each (| v | result . send (v) . unwrap ());
30v1 = for_each (| v | result2 . send (v) . unwrap ());
31v1 = for_each (| v | result3 . send (v) . unwrap ());
32v1 = join :: < 'static , 'static , hydroflow :: compiled :: pull :: HalfMultisetJoinState > ();
33v1 = map (| kv : (() , ((_ ,) , (_ ,))) | (kv . 1 . 0 . 0 , kv . 1 . 1 . 0 ,));
34v1 = map (| _v : (_ ,) | (() , (_v . 0 ,)));
35v1 = map (| _v : (_ ,) | (() , (_v . 0 ,)));
36v1 = join :: < 'static , 'tick , hydroflow :: compiled :: pull :: HalfMultisetJoinState > ();
37v1 = map (| kv : (() , ((_ , _ ,) , (_ ,))) | (kv . 1 . 0 . 0 , kv . 1 . 0 . 1 , kv . 1 . 1 . 0 ,));
38v1 = map (| _v : (_ , _ ,) | (() , (_v . 0 , _v . 1 ,)));
39v1 = map (| _v : (_ ,) | (() , (_v . 0 ,)));
40v1 = map (| row : (_ , _ , _ ,) | (row . 0 , row . 1 , row . 2 ,));
41v1 = anti_join ();
42v1 = map (| kv : ((_ ,) , ()) | (kv . 0 . 0 ,));
43v1 = persist ();
44v1 = map (| _v : (_ ,) | ((_v . 0 ,) , ()));
45v1 = persist ();
46v1 = map (| _v : (_ ,) | (_v . 0 ,));
47v1 = map (| row : (_ ,) | (row . 0 ,));
48v1 = map (| row : (_ ,) | (row . 0 ,));
49v1 = persist ();
50v1 = map (| row : (_ ,) | (row . 0 ,));

26v1 -> 2v1;
3v1 -> 4v1;
2v1 -> 3v1;
5v1 -> 3v1;
4v1 -> 5v1;
27v1 -> 7v1;
8v1 -> 9v1;
7v1 -> 8v1;
10v1 -> 8v1;
9v1 -> 10v1;
28v1 -> 12v1;
40v1 -> 15v1;
47v1 -> 18v1;
50v1 -> 21v1;
49v1 -> 24v1;
15v1 -> 29v1;
18v1 -> 30v1;
21v1 -> 31v1;
32v1 -> 33v1;
34v1 -> 32v1;
4v1 -> 34v1;
35v1 -> 32v1;
9v1 -> 35v1;
36v1 -> 37v1;
38v1 -> 36v1;
33v1 -> 38v1;
39v1 -> 36v1;
12v1 -> 39v1;
37v1 -> 40v1;
41v1 -> 42v1;
44v1 -> 41v1;
43v1 -> 44v1;
4v1 -> 43v1;
46v1 -> 41v1;
45v1 -> 46v1;
9v1 -> 45v1;
42v1 -> 47v1;
48v1 -> 49v1;
4v1 -> 48v1;
24v1 -> 50v1;

