---
source: dfir_rs/tests/surface_loop.rs
expression: "df.meta_graph().unwrap().to_mermaid(& Default :: default())"
---
%%{init:{'theme':'base','themeVariables':{'clusterBkg':'#ddd','clusterBorder':'#888'}}}%%
flowchart TD
classDef pullClass fill:#8af,stroke:#000,text-align:left,white-space:pre
classDef pushClass fill:#ff8,stroke:#000,text-align:left,white-space:pre
classDef otherClass fill:#fdc,stroke:#000,text-align:left,white-space:pre
linkStyle default stroke:#aaa
1v1[\"(1v1) <code>source_iter(POINTS)</code>"/]:::pullClass
2v1[\"(2v1) <code>map(std::clone::Clone::clone)</code>"/]:::pullClass
3v1[\"(3v1) <code>source_iter(CENTROIDS)</code>"/]:::pullClass
4v1[\"(4v1) <code>map(std::clone::Clone::clone)</code>"/]:::pullClass
5v1[\"(5v1) <code>batch()</code>"/]:::pullClass
6v1[\"(6v1) <code>batch()</code>"/]:::pullClass
7v1[\"(7v1) <code>repeat_n(10)</code>"/]:::pullClass
8v1[\"(8v1) <code>all_once()</code>"/]:::pullClass
9v1[\"(9v1) <code>union()</code>"/]:::pullClass
10v1[/"(10v1) <code>tee()</code>"\]:::pushClass
11v1[\"(11v1) <code>cross_join_multiset()</code>"/]:::pullClass
12v1[\"<div style=text-align:center>(12v1)</div> <code>map(|(point, centroid): ([i32; 2], [i32; 2])| {<br>    let dist2 = (point[0] - centroid[0]).pow(2) + (point[1] - centroid[1]).pow(2);<br>    (point, (dist2, centroid))<br>})</code>"/]:::pullClass
13v1[\"<div style=text-align:center>(13v1)</div> <code>reduce_keyed(|(a_dist2, a_centroid), (b_dist2, b_centroid)| {<br>    if b_dist2 &lt; *a_dist2 {<br>        *a_dist2 = b_dist2;<br>        *a_centroid = b_centroid;<br>    }<br>})</code>"/]:::pullClass
14v1[\"(14v1) <code>map(|(point, (_dist2, centroid))| { (centroid, (point, 1)) })</code>"/]:::pullClass
15v1[\"<div style=text-align:center>(15v1)</div> <code>reduce_keyed(|(p1, n1), (p2, n2): ([i32; 2], i32)| {<br>    p1[0] += p2[0];<br>    p1[1] += p2[1];<br>    *n1 += n2;<br>})</code>"/]:::pullClass
16v1[\"(16v1) <code>map(|(_centroid, (p, n)): (_, ([i32; 2], i32))| { [p[0] / n, p[1] / n] })</code>"/]:::pullClass
17v1[\"(17v1) <code>next_iteration()</code>"/]:::pullClass
18v1[\"(18v1) <code>inspect(|x| println!(&quot;centroid: {:?}&quot;, x))</code>"/]:::pullClass
19v1[\"(19v1) <code>all_iterations()</code>"/]:::pullClass
20v1[/"(20v1) <code>for_each(|x| result_send.send(x).unwrap())</code>"\]:::pushClass
21v1["(21v1) <code>handoff</code>"]:::otherClass
22v1["(22v1) <code>handoff</code>"]:::otherClass
23v1["(23v1) <code>handoff</code>"]:::otherClass
24v1["(24v1) <code>handoff</code>"]:::otherClass
25v1["(25v1) <code>handoff</code>"]:::otherClass
26v1["(26v1) <code>handoff</code>"]:::otherClass
27v1["(27v1) <code>handoff</code>"]:::otherClass
1v1-->2v1
3v1-->4v1
2v1-->21v1
4v1-->22v1
7v1-->|0|11v1
5v1-->23v1
8v1-->9v1
6v1-->24v1
9v1-->10v1
10v1-->25v1
18v1-->9v1
17v1-->18v1
16v1-->26v1
15v1-->16v1
14v1--x15v1; linkStyle 14 stroke:red
13v1-->14v1
12v1--x13v1; linkStyle 16 stroke:red
11v1-->12v1
19v1-->20v1
10v1-->27v1
21v1-->5v1
22v1-->6v1
23v1-->7v1
24v1-->8v1
25v1-->|1|11v1
26v1-->17v1
27v1-->19v1
subgraph sg_1v1 ["sg_1v1 stratum 0"]
    1v1
    2v1
    subgraph sg_1v1_var_init_points ["var <tt>init_points</tt>"]
        1v1
        2v1
    end
end
subgraph sg_2v1 ["sg_2v1 stratum 0"]
    3v1
    4v1
    subgraph sg_2v1_var_init_centroids ["var <tt>init_centroids</tt>"]
        3v1
        4v1
    end
end
subgraph sg_3v1 ["sg_3v1 stratum 1"]
    5v1
    subgraph sg_3v1_var_batch_points ["var <tt>batch_points</tt>"]
        5v1
    end
end
subgraph sg_4v1 ["sg_4v1 stratum 1"]
    6v1
    subgraph sg_4v1_var_batch_centroids ["var <tt>batch_centroids</tt>"]
        6v1
    end
end
subgraph sg_5v1 ["sg_5v1 stratum 2"]
    8v1
    17v1
    18v1
    9v1
    10v1
    subgraph sg_5v1_var_centroids ["var <tt>centroids</tt>"]
        9v1
        10v1
    end
    subgraph sg_5v1_var_cj ["var <tt>cj</tt>"]
        17v1
        18v1
    end
end
subgraph sg_6v1 ["sg_6v1 stratum 2"]
    7v1
    11v1
    12v1
    13v1
    14v1
    15v1
    16v1
    subgraph sg_6v1_var_cj ["var <tt>cj</tt>"]
        11v1
        12v1
        13v1
        14v1
        15v1
        16v1
    end
    subgraph sg_6v1_var_points ["var <tt>points</tt>"]
        7v1
    end
end
subgraph sg_7v1 ["sg_7v1 stratum 3"]
    19v1
    20v1
end
