---
source: dfir_rs/tests/surface_loop.rs
expression: df.meta_graph().unwrap().to_dot(cfg)
---
digraph {
    node [fontname="Monaco,Menlo,Consolas,&quot;Droid Sans Mono&quot;,Inconsolata,&quot;Courier New&quot;,monospace", style=filled];
    edge [fontname="Monaco,Menlo,Consolas,&quot;Droid Sans Mono&quot;,Inconsolata,&quot;Courier New&quot;,monospace"];
    n1v1 [label="(n1v1) source_iter(0..5)", shape=invhouse, fillcolor="#88aaff"]
    n2v1 [label="(n2v1) batch()", shape=invhouse, fillcolor="#88aaff"]
    n3v1 [label="(n3v1) tee()", shape=house, fillcolor="#ffff88"]
    n4v1 [label="(n4v1) repeat_n(3)", shape=invhouse, fillcolor="#88aaff"]
    n5v1 [label="(n5v1) enumerate::<'none>()", shape=invhouse, fillcolor="#88aaff"]
    n6v1 [label="(n6v1) for_each(|x| result1_send.send(x).unwrap())", shape=house, fillcolor="#ffff88"]
    n7v1 [label="(n7v1) repeat_n(3)", shape=invhouse, fillcolor="#88aaff"]
    n8v1 [label="(n8v1) enumerate::<'loop>()", shape=invhouse, fillcolor="#88aaff"]
    n9v1 [label="(n9v1) for_each(|x| result2_send.send(x).unwrap())", shape=house, fillcolor="#ffff88"]
    n10v1 [label="(n10v1) handoff", shape=parallelogram, fillcolor="#ddddff"]
    n11v1 [label="(n11v1) handoff", shape=parallelogram, fillcolor="#ddddff"]
    n12v1 [label="(n12v1) handoff", shape=parallelogram, fillcolor="#ddddff"]
    n2v1 -> n3v1
    n1v1 -> n10v1
    n5v1 -> n6v1
    n4v1 -> n5v1
    n3v1 -> n11v1
    n8v1 -> n9v1
    n7v1 -> n8v1
    n3v1 -> n12v1
    n10v1 -> n2v1
    n11v1 -> n4v1
    n12v1 -> n7v1
    subgraph sg_1v1 {
        cluster=true
        fillcolor="#dddddd"
        style=filled
        label = "sg_1v1\nstratum 0"
        subgraph sg_1v1_var_init {
            cluster=true
            label="var init"
            n1v1
        }
    }
    subgraph loop_1v1 {
        cluster=true
        fillcolor="#ee88ee"
        style=filled
        label = loop_1v1
        subgraph sg_2v1 {
            cluster=true
            fillcolor="#dddddd"
            style=filled
            label = "sg_2v1\nstratum 1"
            subgraph sg_2v1_var_batch_init {
                cluster=true
                label="var batch_init"
                n2v1
                n3v1
            }
        }
    }
    subgraph loop_2v1 {
        cluster=true
        fillcolor="#ee88ee"
        style=filled
        label = loop_2v1
        subgraph sg_3v1 {
            cluster=true
            fillcolor="#dddddd"
            style=filled
            label = "sg_3v1\nstratum 2"
            n4v1
            n5v1
            n6v1
        }
        subgraph sg_4v1 {
            cluster=true
            fillcolor="#dddddd"
            style=filled
            label = "sg_4v1\nstratum 2"
            n7v1
            n8v1
            n9v1
        }
    }
}
