---
source: dfir_rs/tests/surface_codegen.rs
expression: df.meta_graph().unwrap().to_dot(cfg)
---
digraph {
    node [fontname="Monaco,Menlo,Consolas,&quot;Droid Sans Mono&quot;,Inconsolata,&quot;Courier New&quot;,monospace", style=filled];
    edge [fontname="Monaco,Menlo,Consolas,&quot;Droid Sans Mono&quot;,Inconsolata,&quot;Courier New&quot;,monospace"];
    n1v1 [label="(n1v1) source_iter(vec![(2, 'y'), (3, 'x'), (1, 'z')])", shape=invhouse, fillcolor="#88aaff"]
    n2v1 [label="(n2v1) sort_by_key(|(k, _v)| k)", shape=invhouse, fillcolor="#88aaff"]
    n3v1 [label="(n3v1) for_each(|v| println!(\"{:?}\", v))", shape=house, fillcolor="#ffff88"]
    n4v1 [label="(n4v1) handoff", shape=parallelogram, fillcolor="#ddddff"]
    n2v1 -> n3v1
    n1v1 -> n4v1
    n4v1 -> n2v1 [color=red]
    subgraph sg_1v1 {
        cluster=true
        fillcolor="#dddddd"
        style=filled
        label = "sg_1v1\nstratum 0"
        n1v1
    }
    subgraph sg_2v1 {
        cluster=true
        fillcolor="#dddddd"
        style=filled
        label = "sg_2v1\nstratum 1"
        n2v1
        n3v1
    }
}
