---
source: hydroflow/tests/surface_async.rs
expression: df.serde_graph().unwrap().to_dot()
---
digraph {
    subgraph "cluster n1v1" {
        fillcolor="#dddddd"
        style=filled
        label = "sg_1v1\nstratum 0"
        n1v1 [label="(n1v1) source_stream(lines_recv)", fontname=Monaco, shape=invhouse, style = filled, color = "#0022ff", fontcolor = "#ffffff"]
        n2v1 [label="(n2v1) dest_sink(stdout_lines)", fontname=Monaco, shape=house, style = filled, color = "#ffff00"]
        n1v1 -> n2v1
    }
}

